
> sorogrupos-dashboard@0.0.0 build
> vite build

[36mvite v6.4.1 [32mbuilding for production...[36m[39m
node.exe : 
No linha:1 caractere:1
+ & "C:\Program 
Files\nodejs/node.exe" 
"C:\Program 
Files\nodejs/node_mo 
...
+ ~~~~~~~~~~~~~~~~~~~~~
~~~~~~~~~~~~~~~~~~~~~~~
~~~~~~~~~~~~~~~~~~~~~~~
~~
    + CategoryInfo     
         : NotSpecifi  
  ed: (:String) [],    
 RemoteException
    + FullyQualifiedEr 
   rorId : NativeComm  
  andError
 
/index.css doesn't 
exist at build time, 
it will remain 
unchanged to be 
resolved at runtime
transforming...
[32mÔ£ô[39m 1729 modules transformed.
[31mÔ£ù[39m Build 
failed in 1.27s
[31merror during 
build:
[31mCould not resolve 
"../components/public/P
lansSection" from "src/
pages/private/Plano.tsx
"[31m
file: [36mC:/Users/lep
ps/OneDrive/Desktop/Pro
jetos DEV/sorogrupos-ma
in/src/pages/private/Pl
ano.tsx[31m
    at getRollupError (
file:///C:/Users/lepps/
OneDrive/Desktop/Projet
os%20DEV/sorogrupos-mai
n/node_modules/rollup/d
ist/es/shared/parseAst.
js:402:41)
    at error (file:///C
:/Users/lepps/OneDrive/
Desktop/Projetos%20DEV/
sorogrupos-main/node_mo
dules/rollup/dist/es/sh
ared/parseAst.js:398:42
)
    at ModuleLoader.han
dleInvalidResolvedId (f
ile:///C:/Users/lepps/O
neDrive/Desktop/Projeto
s%20DEV/sorogrupos-main
/node_modules/rollup/di
st/es/shared/node-entry
.js:21710:24)
    at file:///C:/Users
/lepps/OneDrive/Desktop
/Projetos%20DEV/sorogru
pos-main/node_modules/r
ollup/dist/es/shared/no
de-entry.js:21670:26[3
9m
